// Jest Snapshot v1, https://goo.gl/fbAQLP

exports[`<AccordionFooter /> Should Render Should match snapshot 1`] = `ShallowWrapper {}`;
